// Jest Snapshot v1, https://goo.gl/fbAQLP

exports[`LoginPage will match LoginSnapshot 1`] = `
Object {
  "asFragment": [Function],
  "baseElement": <body>
    <div>
      <div
        class="pageContainer loginContainer"
      >
        <h1
          class=""
        >
          Employee Polls
        </h1>
        <img
          alt="Login Img"
          class="loginImg"
          src="employee.jpeg"
        />
        <p>
          Please select your username:
        </p>
        <select
          data-testid="username-selection"
          id="pet-select"
          name="pets"
        >
          <option
            value=""
          >
            --Please choose your username--
          </option>
        </select>
      </div>
    </div>
  </body>,
  "container": <div>
    <div
      class="pageContainer loginContainer"
    >
      <h1
        class=""
      >
        Employee Polls
      </h1>
      <img
        alt="Login Img"
        class="loginImg"
        src="employee.jpeg"
      />
      <p>
        Please select your username:
      </p>
      <select
        data-testid="username-selection"
        id="pet-select"
        name="pets"
      >
        <option
          value=""
        >
          --Please choose your username--
        </option>
      </select>
    </div>
  </div>,
  "debug": [Function],
  "findAllByAltText": [Function],
  "findAllByDisplayValue": [Function],
  "findAllByLabelText": [Function],
  "findAllByPlaceholderText": [Function],
  "findAllByRole": [Function],
  "findAllByTestId": [Function],
  "findAllByText": [Function],
  "findAllByTitle": [Function],
  "findByAltText": [Function],
  "findByDisplayValue": [Function],
  "findByLabelText": [Function],
  "findByPlaceholderText": [Function],
  "findByRole": [Function],
  "findByTestId": [Function],
  "findByText": [Function],
  "findByTitle": [Function],
  "getAllByAltText": [Function],
  "getAllByDisplayValue": [Function],
  "getAllByLabelText": [Function],
  "getAllByPlaceholderText": [Function],
  "getAllByRole": [Function],
  "getAllByTestId": [Function],
  "getAllByText": [Function],
  "getAllByTitle": [Function],
  "getByAltText": [Function],
  "getByDisplayValue": [Function],
  "getByLabelText": [Function],
  "getByPlaceholderText": [Function],
  "getByRole": [Function],
  "getByTestId": [Function],
  "getByText": [Function],
  "getByTitle": [Function],
  "queryAllByAltText": [Function],
  "queryAllByDisplayValue": [Function],
  "queryAllByLabelText": [Function],
  "queryAllByPlaceholderText": [Function],
  "queryAllByRole": [Function],
  "queryAllByTestId": [Function],
  "queryAllByText": [Function],
  "queryAllByTitle": [Function],
  "queryByAltText": [Function],
  "queryByDisplayValue": [Function],
  "queryByLabelText": [Function],
  "queryByPlaceholderText": [Function],
  "queryByRole": [Function],
  "queryByTestId": [Function],
  "queryByText": [Function],
  "queryByTitle": [Function],
  "rerender": [Function],
  "unmount": [Function],
}
`;
